2025-02-26 17:41:28,264 ERROR scheduler Exception in Enqueue Events for Site kalaerp
Traceback (most recent call last):
  File "/home/dell/kalaerp/env/lib/python3.10/site-packages/redis/connection.py", line 699, in connect
    sock = self.retry.call_with_retry(
  File "/home/dell/kalaerp/env/lib/python3.10/site-packages/redis/retry.py", line 46, in call_with_retry
    return do()
  File "/home/dell/kalaerp/env/lib/python3.10/site-packages/redis/connection.py", line 700, in <lambda>
    lambda: self._connect(), lambda error: self.disconnect(error)
  File "/home/dell/kalaerp/env/lib/python3.10/site-packages/redis/connection.py", line 1002, in _connect
    raise err
  File "/home/dell/kalaerp/env/lib/python3.10/site-packages/redis/connection.py", line 990, in _connect
    sock.connect(socket_address)
ConnectionRefusedError: [Errno 111] Connection refused

During handling of the above exception, another exception occurred:

Traceback (most recent call last):
  File "/home/dell/kalaerp/apps/frappe/frappe/utils/scheduler.py", line 102, in enqueue_events_for_site
    enqueue_events(site=site)
  File "/home/dell/kalaerp/apps/frappe/frappe/utils/scheduler.py", line 122, in enqueue_events
    if job_type.enqueue():
  File "/home/dell/kalaerp/apps/frappe/frappe/core/doctype/scheduled_job_type/scheduled_job_type.py", line 73, in enqueue
    if not self.is_job_in_queue():
  File "/home/dell/kalaerp/apps/frappe/frappe/core/doctype/scheduled_job_type/scheduled_job_type.py", line 94, in is_job_in_queue
    return is_job_enqueued(self.rq_job_id)
  File "/home/dell/kalaerp/apps/frappe/frappe/utils/background_jobs.py", line 565, in is_job_enqueued
    return get_job_status(job_id) in (JobStatus.QUEUED, JobStatus.STARTED)
  File "/home/dell/kalaerp/apps/frappe/frappe/utils/background_jobs.py", line 570, in get_job_status
    job = get_job(job_id)
  File "/home/dell/kalaerp/apps/frappe/frappe/utils/background_jobs.py", line 577, in get_job
    return Job.fetch(create_job_id(job_id), connection=get_redis_conn())
  File "/home/dell/kalaerp/env/lib/python3.10/site-packages/rq/job.py", line 591, in fetch
    job.refresh()
  File "/home/dell/kalaerp/env/lib/python3.10/site-packages/rq/job.py", line 989, in refresh
    data = self.connection.hgetall(self.key)
  File "/home/dell/kalaerp/env/lib/python3.10/site-packages/redis/commands/core.py", line 4887, in hgetall
    return self.execute_command("HGETALL", name)
  File "/home/dell/kalaerp/env/lib/python3.10/site-packages/redis/client.py", line 1266, in execute_command
    conn = self.connection or pool.get_connection(command_name, **options)
  File "/home/dell/kalaerp/env/lib/python3.10/site-packages/redis/connection.py", line 1457, in get_connection
    connection.connect()
  File "/home/dell/kalaerp/env/lib/python3.10/site-packages/redis/connection.py", line 705, in connect
    raise ConnectionError(self._error_message(e))
redis.exceptions.ConnectionError: Error 111 connecting to 127.0.0.1:11001. Connection refused.
2025-02-26 17:42:28,493 ERROR scheduler Exception in Enqueue Events for Site kalaerp
Traceback (most recent call last):
  File "/home/dell/kalaerp/env/lib/python3.10/site-packages/redis/connection.py", line 699, in connect
    sock = self.retry.call_with_retry(
  File "/home/dell/kalaerp/env/lib/python3.10/site-packages/redis/retry.py", line 46, in call_with_retry
    return do()
  File "/home/dell/kalaerp/env/lib/python3.10/site-packages/redis/connection.py", line 700, in <lambda>
    lambda: self._connect(), lambda error: self.disconnect(error)
  File "/home/dell/kalaerp/env/lib/python3.10/site-packages/redis/connection.py", line 1002, in _connect
    raise err
  File "/home/dell/kalaerp/env/lib/python3.10/site-packages/redis/connection.py", line 990, in _connect
    sock.connect(socket_address)
ConnectionRefusedError: [Errno 111] Connection refused

During handling of the above exception, another exception occurred:

Traceback (most recent call last):
  File "/home/dell/kalaerp/apps/frappe/frappe/utils/scheduler.py", line 102, in enqueue_events_for_site
    enqueue_events(site=site)
  File "/home/dell/kalaerp/apps/frappe/frappe/utils/scheduler.py", line 122, in enqueue_events
    if job_type.enqueue():
  File "/home/dell/kalaerp/apps/frappe/frappe/core/doctype/scheduled_job_type/scheduled_job_type.py", line 73, in enqueue
    if not self.is_job_in_queue():
  File "/home/dell/kalaerp/apps/frappe/frappe/core/doctype/scheduled_job_type/scheduled_job_type.py", line 94, in is_job_in_queue
    return is_job_enqueued(self.rq_job_id)
  File "/home/dell/kalaerp/apps/frappe/frappe/utils/background_jobs.py", line 565, in is_job_enqueued
    return get_job_status(job_id) in (JobStatus.QUEUED, JobStatus.STARTED)
  File "/home/dell/kalaerp/apps/frappe/frappe/utils/background_jobs.py", line 570, in get_job_status
    job = get_job(job_id)
  File "/home/dell/kalaerp/apps/frappe/frappe/utils/background_jobs.py", line 577, in get_job
    return Job.fetch(create_job_id(job_id), connection=get_redis_conn())
  File "/home/dell/kalaerp/env/lib/python3.10/site-packages/rq/job.py", line 591, in fetch
    job.refresh()
  File "/home/dell/kalaerp/env/lib/python3.10/site-packages/rq/job.py", line 989, in refresh
    data = self.connection.hgetall(self.key)
  File "/home/dell/kalaerp/env/lib/python3.10/site-packages/redis/commands/core.py", line 4887, in hgetall
    return self.execute_command("HGETALL", name)
  File "/home/dell/kalaerp/env/lib/python3.10/site-packages/redis/client.py", line 1266, in execute_command
    conn = self.connection or pool.get_connection(command_name, **options)
  File "/home/dell/kalaerp/env/lib/python3.10/site-packages/redis/connection.py", line 1457, in get_connection
    connection.connect()
  File "/home/dell/kalaerp/env/lib/python3.10/site-packages/redis/connection.py", line 705, in connect
    raise ConnectionError(self._error_message(e))
redis.exceptions.ConnectionError: Error 111 connecting to 127.0.0.1:11001. Connection refused.
2025-02-26 17:43:28,690 ERROR scheduler Exception in Enqueue Events for Site kalaerp
Traceback (most recent call last):
  File "/home/dell/kalaerp/env/lib/python3.10/site-packages/redis/connection.py", line 699, in connect
    sock = self.retry.call_with_retry(
  File "/home/dell/kalaerp/env/lib/python3.10/site-packages/redis/retry.py", line 46, in call_with_retry
    return do()
  File "/home/dell/kalaerp/env/lib/python3.10/site-packages/redis/connection.py", line 700, in <lambda>
    lambda: self._connect(), lambda error: self.disconnect(error)
  File "/home/dell/kalaerp/env/lib/python3.10/site-packages/redis/connection.py", line 1002, in _connect
    raise err
  File "/home/dell/kalaerp/env/lib/python3.10/site-packages/redis/connection.py", line 990, in _connect
    sock.connect(socket_address)
ConnectionRefusedError: [Errno 111] Connection refused

During handling of the above exception, another exception occurred:

Traceback (most recent call last):
  File "/home/dell/kalaerp/apps/frappe/frappe/utils/scheduler.py", line 102, in enqueue_events_for_site
    enqueue_events(site=site)
  File "/home/dell/kalaerp/apps/frappe/frappe/utils/scheduler.py", line 122, in enqueue_events
    if job_type.enqueue():
  File "/home/dell/kalaerp/apps/frappe/frappe/core/doctype/scheduled_job_type/scheduled_job_type.py", line 73, in enqueue
    if not self.is_job_in_queue():
  File "/home/dell/kalaerp/apps/frappe/frappe/core/doctype/scheduled_job_type/scheduled_job_type.py", line 94, in is_job_in_queue
    return is_job_enqueued(self.rq_job_id)
  File "/home/dell/kalaerp/apps/frappe/frappe/utils/background_jobs.py", line 565, in is_job_enqueued
    return get_job_status(job_id) in (JobStatus.QUEUED, JobStatus.STARTED)
  File "/home/dell/kalaerp/apps/frappe/frappe/utils/background_jobs.py", line 570, in get_job_status
    job = get_job(job_id)
  File "/home/dell/kalaerp/apps/frappe/frappe/utils/background_jobs.py", line 577, in get_job
    return Job.fetch(create_job_id(job_id), connection=get_redis_conn())
  File "/home/dell/kalaerp/env/lib/python3.10/site-packages/rq/job.py", line 591, in fetch
    job.refresh()
  File "/home/dell/kalaerp/env/lib/python3.10/site-packages/rq/job.py", line 989, in refresh
    data = self.connection.hgetall(self.key)
  File "/home/dell/kalaerp/env/lib/python3.10/site-packages/redis/commands/core.py", line 4887, in hgetall
    return self.execute_command("HGETALL", name)
  File "/home/dell/kalaerp/env/lib/python3.10/site-packages/redis/client.py", line 1266, in execute_command
    conn = self.connection or pool.get_connection(command_name, **options)
  File "/home/dell/kalaerp/env/lib/python3.10/site-packages/redis/connection.py", line 1457, in get_connection
    connection.connect()
  File "/home/dell/kalaerp/env/lib/python3.10/site-packages/redis/connection.py", line 705, in connect
    raise ConnectionError(self._error_message(e))
redis.exceptions.ConnectionError: Error 111 connecting to 127.0.0.1:11001. Connection refused.
