2025-02-10 10:39:15,741 DEBUG cd HR && python3 -m venv env
2025-02-10 10:39:18,726 DEBUG cd HR && /home/manonraj/HR/env/bin/python -m pip install --quiet --upgrade pip
2025-02-10 10:39:22,373 DEBUG cd HR && /home/manonraj/HR/env/bin/python -m pip install --quiet wheel
2025-02-10 10:39:24,513 LOG Getting frappe
2025-02-10 10:39:24,513 DEBUG cd HR/apps && git clone https://github.com/frappe/frappe.git --branch version-15 --depth 1 --origin upstream
2025-02-10 10:39:35,940 LOG Installing frappe
2025-02-10 10:39:35,940 DEBUG cd /home/manonraj/HR && /home/manonraj/HR/env/bin/python -m pip install --quiet --upgrade -e /home/manonraj/HR/apps/frappe 
2025-02-10 10:40:17,443 DEBUG cd /home/manonraj/HR/apps/frappe && yarn install --check-files
2025-02-10 10:40:24,277 DEBUG cd /home/manonraj/HR && supervisorctl restart frappe:
2025-02-10 10:40:24,449 WARNING cd /home/manonraj/HR && supervisorctl restart frappe: executed with exit code 7
2025-02-10 10:40:24,449 WARNING restarting supervisor group `frappe:` failed. Use `bench restart` to retry.
2025-02-10 10:40:24,449 DEBUG cd HR && bench build
2025-02-10 10:40:24,557 INFO /home/manonraj/.local/bin/bench build
2025-02-10 10:40:43,065 LOG setting up backups
2025-02-10 10:40:43,085 LOG backups were set up
2025-02-10 10:40:43,085 INFO Bench HR initialized
2025-02-10 10:41:43,477 INFO /home/manonraj/.local/bin/bench new-site hr --db-name hr
2025-02-10 10:42:29,114 INFO /home/manonraj/.local/bin/bench get-app payments
2025-02-10 10:42:29,780 LOG Getting payments
2025-02-10 10:42:29,780 DEBUG cd ./apps && git clone https://github.com/frappe/payments.git  --depth 1 --origin upstream
2025-02-10 10:42:31,060 LOG Installing payments
2025-02-10 10:42:31,061 DEBUG cd /home/manonraj/HR && /home/manonraj/HR/env/bin/python -m pip install --quiet --upgrade -e /home/manonraj/HR/apps/payments 
2025-02-10 10:42:35,911 DEBUG bench build --app payments
2025-02-10 10:42:36,023 INFO /home/manonraj/.local/bin/bench build --app payments
2025-02-10 10:42:37,431 DEBUG cd /home/manonraj/HR && supervisorctl restart frappe:
2025-02-10 10:42:37,598 WARNING cd /home/manonraj/HR && supervisorctl restart frappe: executed with exit code 7
2025-02-10 10:42:37,598 WARNING restarting supervisor group `frappe:` failed. Use `bench restart` to retry.
2025-02-10 10:42:55,475 INFO /home/manonraj/.local/bin/bench get-app --branch version-15 erpnext
2025-02-10 10:42:56,136 LOG Getting erpnext
2025-02-10 10:42:56,136 DEBUG cd ./apps && git clone https://github.com/frappe/erpnext.git --branch version-15 --depth 1 --origin upstream
2025-02-10 10:43:03,187 LOG Installing erpnext
2025-02-10 10:43:03,188 DEBUG cd /home/manonraj/HR && /home/manonraj/HR/env/bin/python -m pip install --quiet --upgrade -e /home/manonraj/HR/apps/erpnext 
2025-02-10 10:43:07,866 DEBUG cd /home/manonraj/HR/apps/erpnext && yarn install --check-files
2025-02-10 10:43:08,198 DEBUG bench build --app erpnext
2025-02-10 10:43:08,307 INFO /home/manonraj/.local/bin/bench build --app erpnext
2025-02-10 10:43:10,795 DEBUG cd /home/manonraj/HR && supervisorctl restart frappe:
2025-02-10 10:43:10,964 WARNING cd /home/manonraj/HR && supervisorctl restart frappe: executed with exit code 7
2025-02-10 10:43:10,964 WARNING restarting supervisor group `frappe:` failed. Use `bench restart` to retry.
2025-02-10 10:43:29,877 INFO /home/manonraj/.local/bin/bench --site hr install-app erpnext
2025-02-10 10:44:42,262 INFO /home/manonraj/.local/bin/bench new-app hr
2025-02-10 10:44:42,266 LOG creating new app hr
2025-02-10 10:44:42,633 WARNING /home/manonraj/.local/bin/bench new-app hr executed with exit code 1
2025-02-10 10:44:54,472 INFO /home/manonraj/.local/bin/bench new-app managment
2025-02-10 10:44:54,475 LOG creating new app managment
2025-02-10 10:45:35,304 LOG Installing managment
2025-02-10 10:45:35,305 DEBUG cd /home/manonraj/HR && /home/manonraj/HR/env/bin/python -m pip install --quiet --upgrade -e /home/manonraj/HR/apps/managment 
2025-02-10 10:45:37,126 DEBUG bench build --app managment
2025-02-10 10:45:37,244 INFO /home/manonraj/.local/bin/bench build --app managment
2025-02-10 10:45:38,814 DEBUG cd /home/manonraj/HR && supervisorctl restart frappe:
2025-02-10 10:45:38,984 WARNING cd /home/manonraj/HR && supervisorctl restart frappe: executed with exit code 7
2025-02-10 10:45:38,984 WARNING restarting supervisor group `frappe:` failed. Use `bench restart` to retry.
2025-02-10 10:46:20,690 INFO /home/manonraj/.local/bin/bench --site hr install-app managment
2025-02-10 10:46:59,419 INFO /home/manonraj/.local/bin/bench --site hr set-config active_domains ["Human Resources"] --parse
2025-02-10 10:47:11,742 INFO /home/manonraj/.local/bin/bench clear-cache
2025-02-10 10:47:56,721 INFO /home/manonraj/.local/bin/bench --site hr set-config active_domains ["Human Resources"] --parse
2025-02-10 10:48:18,978 INFO /home/manonraj/.local/bin/bench build
2025-02-10 10:48:47,648 INFO /home/manonraj/.local/bin/bench get-app hrms
2025-02-10 10:48:48,258 LOG Getting hrms
2025-02-10 10:48:48,258 DEBUG cd ./apps && git clone https://github.com/frappe/hrms.git  --depth 1 --origin upstream
2025-02-10 10:48:51,842 LOG Installing hrms
2025-02-10 10:48:51,842 DEBUG cd /home/manonraj/HR && /home/manonraj/HR/env/bin/python -m pip install --quiet --upgrade -e /home/manonraj/HR/apps/hrms 
2025-02-10 10:48:53,844 DEBUG cd /home/manonraj/HR/apps/hrms && yarn install --check-files
2025-02-10 10:49:15,305 DEBUG bench build --app hrms
2025-02-10 10:49:15,414 INFO /home/manonraj/.local/bin/bench build --app hrms
2025-02-10 10:49:38,769 DEBUG cd /home/manonraj/HR && supervisorctl restart frappe:
2025-02-10 10:49:38,942 WARNING cd /home/manonraj/HR && supervisorctl restart frappe: executed with exit code 7
2025-02-10 10:49:38,942 WARNING restarting supervisor group `frappe:` failed. Use `bench restart` to retry.
2025-02-10 10:49:59,591 INFO /home/manonraj/.local/bin/bench --site hr install-app hrms
2025-02-10 11:18:38,987 INFO /home/manonraj/.local/bin/bench --site h install-app hrms
2025-02-10 11:18:47,128 INFO /home/manonraj/.local/bin/bench --site hr install-app hrms
2025-02-10 11:19:01,538 INFO /home/manonraj/.local/bin/bench use hr
2025-02-10 11:19:06,720 INFO /home/manonraj/.local/bin/bench start
2025-02-10 11:19:07,809 INFO /home/manonraj/.local/bin/bench worker
2025-02-10 11:19:07,821 INFO /home/manonraj/.local/bin/bench watch
2025-02-10 11:19:07,824 INFO /home/manonraj/.local/bin/bench serve --port 8015
2025-02-10 11:19:07,855 INFO /home/manonraj/.local/bin/bench schedule
2025-02-10 12:00:01,860 INFO /home/manonraj/.local/bin/bench --verbose --site all backup
2025-02-10 18:00:01,665 INFO /home/manonraj/.local/bin/bench --verbose --site all backup
2025-02-11 20:24:46,033 INFO /home/manonraj/.local/bin/bench start
2025-02-11 20:24:46,716 INFO /home/manonraj/.local/bin/bench watch
2025-02-11 20:24:46,862 INFO /home/manonraj/.local/bin/bench serve --port 8015
2025-02-11 20:24:46,884 INFO /home/manonraj/.local/bin/bench worker
2025-02-11 20:24:47,131 INFO /home/manonraj/.local/bin/bench schedule
2025-02-12 09:41:24,283 INFO /home/manonraj/.local/bin/bench start
2025-02-12 09:41:24,657 INFO /home/manonraj/.local/bin/bench worker
2025-02-12 09:41:24,665 INFO /home/manonraj/.local/bin/bench schedule
2025-02-12 09:41:24,675 INFO /home/manonraj/.local/bin/bench serve --port 8015
2025-02-12 09:41:24,681 INFO /home/manonraj/.local/bin/bench watch
2025-02-12 12:00:01,692 INFO /home/manonraj/.local/bin/bench --verbose --site all backup
2025-02-12 18:34:20,695 INFO /home/manonraj/.local/bin/bench start
2025-02-12 18:34:21,052 INFO /home/manonraj/.local/bin/bench watch
2025-02-12 18:34:21,060 INFO /home/manonraj/.local/bin/bench serve --port 8015
2025-02-12 18:34:21,065 INFO /home/manonraj/.local/bin/bench schedule
2025-02-12 18:34:21,083 INFO /home/manonraj/.local/bin/bench worker
2025-02-12 18:53:24,383 INFO /home/manonraj/.local/bin/bench --site hr reload-doc projects doctype timesheet
2025-02-12 18:53:41,528 INFO /home/manonraj/.local/bin/bench clear-cache
2025-02-12 18:53:54,659 INFO /home/manonraj/.local/bin/bench clear-website-cache
2025-02-12 18:54:11,646 INFO /home/manonraj/.local/bin/bench --site hr reload-doc projects doctype timesheet
2025-02-12 18:54:14,415 INFO /home/manonraj/.local/bin/bench clear-cache
2025-02-12 18:54:17,546 INFO /home/manonraj/.local/bin/bench clear-website-cache
2025-02-12 18:54:23,015 INFO /home/manonraj/.local/bin/bench start
2025-02-12 18:54:23,386 INFO /home/manonraj/.local/bin/bench schedule
2025-02-12 18:54:23,391 INFO /home/manonraj/.local/bin/bench watch
2025-02-12 18:54:23,487 INFO /home/manonraj/.local/bin/bench serve --port 8015
2025-02-12 18:54:23,523 INFO /home/manonraj/.local/bin/bench worker
2025-02-12 18:54:31,051 INFO /home/manonraj/.local/bin/bench start
2025-02-12 18:54:31,375 INFO /home/manonraj/.local/bin/bench serve --port 8015
2025-02-12 18:54:31,423 INFO /home/manonraj/.local/bin/bench watch
2025-02-12 18:54:31,457 INFO /home/manonraj/.local/bin/bench schedule
2025-02-12 18:54:31,482 INFO /home/manonraj/.local/bin/bench worker
2025-02-12 18:54:59,431 INFO /home/manonraj/.local/bin/bench --site hr enable-scheduler
2025-02-12 18:55:22,713 INFO /home/manonraj/.local/bin/bench --site hr trigger-scheduler-event cron
2025-02-12 18:55:29,177 INFO /home/manonraj/.local/bin/bench --site hr trigger-scheduler-event cron
2025-02-12 18:55:56,674 INFO /home/manonraj/.local/bin/bench --site hr trigger-scheduler-event all
2025-02-12 18:56:07,197 INFO /home/manonraj/.local/bin/bench --site hr trigger-scheduler-event all
2025-02-12 18:56:14,870 INFO /home/manonraj/.local/bin/bench --site hr trigger-scheduler-event all
2025-02-12 18:56:20,632 INFO /home/manonraj/.local/bin/bench --site hr trigger-scheduler-event all
2025-02-12 18:56:47,698 INFO /home/manonraj/.local/bin/bench --site hr show-pending-jobs
2025-02-12 18:56:58,454 INFO /home/manonraj/.local/bin/bench --site hr execute management.management.doctype.custom_timesheet.custom_timesheet.send_daily_timesheet_reminders
2025-02-12 18:57:08,786 INFO /home/manonraj/.local/bin/bench --site hr execute managment.managment.doctype.custom_timesheet.custom_timesheet.send_daily_timesheet_reminders
2025-02-12 18:58:01,747 INFO /home/manonraj/.local/bin/bench --site hr execute managment.managment.doctype.custom_timesheet.custom_timesheet.send_daily_timesheet_reminders
2025-02-12 18:58:03,838 INFO /home/manonraj/.local/bin/bench --site hr execute managment.managment.doctype.custom_timesheet.custom_timesheet.send_daily_timesheet_reminders
2025-02-12 18:58:24,973 INFO /home/manonraj/.local/bin/bench --site hr execute managment.managment.doctype.custom_timesheet.custom_timesheet.send_daily_timesheet_reminders
2025-02-12 18:58:42,650 INFO /home/manonraj/.local/bin/bench --site hr execute managment.managment.doctype.custom_timesheet.custom_timesheet.send_daily_timesheet_reminders
2025-02-12 18:59:50,093 INFO /home/manonraj/.local/bin/bench --site hr execute managment.managment.managment.doctype.custom_timesheet.custom_timesheet.send_daily_timesheet_reminders
2025-02-12 19:02:56,563 INFO /home/manonraj/.local/bin/bench --site hr execute managment.managment.doctype.custom_timesheet.custom_timesheet.send_daily_timesheet_reminders
2025-02-12 19:07:09,303 INFO /home/manonraj/.local/bin/bench --site hr execute managment.managment.managment.custom.timesheet.send_daily_timesheet_reminders
2025-02-12 19:08:11,210 INFO /home/manonraj/.local/bin/bench --site hr execute managment.managment.custom.timesheet.send_daily_timesheet_reminders
2025-02-12 19:11:22,868 INFO /home/manonraj/.local/bin/bench --site hr execute managment.managment.managment.custom.timesheet.send_daily_timesheet_reminders
2025-02-12 19:14:05,869 INFO /home/manonraj/.local/bin/bench --site hr execute managment.managment.managment.custom.timesheet.send_daily_timesheet_reminders
2025-02-12 19:16:07,480 INFO /home/manonraj/.local/bin/bench --site hr reload-doc projects doctype timesheet
2025-02-12 19:16:16,778 INFO /home/manonraj/.local/bin/bench clear-cache
2025-02-12 19:16:23,701 INFO /home/manonraj/.local/bin/bench clear-website-cache
2025-02-12 19:16:42,015 INFO /home/manonraj/.local/bin/bench --site hr execute managment.managment.custom.timesheet.send_daily_timesheet_reminders
2025-02-12 19:42:25,693 INFO /home/manonraj/.local/bin/bench --site hr execute managment.managment.custom.timesheet.send_daily_timesheet_reminders
2025-02-12 19:48:55,261 INFO /home/manonraj/.local/bin/bench --site hr execute managment.managment.custom.timesheet.send_daily_timesheet_reminders
2025-02-12 19:50:22,039 INFO /home/manonraj/.local/bin/bench --site hr execute managment.managment.custom.timesheet.send_daily_timesheet_reminders
2025-02-12 19:50:24,512 INFO /home/manonraj/.local/bin/bench --site hr execute managment.managment.custom.timesheet.send_daily_timesheet_reminders
2025-02-12 19:51:02,707 INFO /home/manonraj/.local/bin/bench --site hr execute managment.managment.custom.timesheet.send_daily_timesheet_reminders
2025-02-12 19:51:12,735 INFO /home/manonraj/.local/bin/bench --site hr execute managment.managment.custom.timesheet.send_daily_timesheet_reminders
2025-02-12 20:13:18,541 INFO /home/manonraj/.local/bin/bench --site hr execute managment.managment.custom.timesheet.send_daily_timesheet_reminders
2025-02-12 20:15:04,976 INFO /home/manonraj/.local/bin/bench --site hr execute managment.managment.custom.timesheet.send_daily_timesheet_reminders
2025-02-12 20:36:18,855 INFO /home/manonraj/.local/bin/bench --site hr execute managment.managment.custom.timesheet.send_daily_timesheet_reminders
2025-02-12 20:39:59,999 INFO /home/manonraj/.local/bin/bench --site hr execute managment.managment.custom.timesheet.send_daily_timesheet_reminders
2025-02-12 20:43:14,096 INFO /home/manonraj/.local/bin/bench --site hr execute managment.managment.custom.timesheet.send_daily_timesheet_reminders()
2025-02-12 20:43:21,926 INFO /home/manonraj/.local/bin/bench --site hr execute managment.managment.custom.timesheet.send_daily_timesheet_reminders
2025-02-12 20:44:24,522 INFO /home/manonraj/.local/bin/bench --site hr log
2025-02-12 20:51:48,781 INFO /home/manonraj/.local/bin/bench --site hr execute managment.managment.custom.timesheet.send_daily_timesheet_reminders
2025-02-12 20:51:56,877 INFO /home/manonraj/.local/bin/bench --site hr execute managment.managment.custom.timesheet.send_daily_timesheet_reminders
2025-02-12 20:53:02,374 INFO /home/manonraj/.local/bin/bench --site hr execute managment.managment.custom.timesheet.send_daily_timesheet_reminders
2025-02-12 20:58:50,480 INFO /home/manonraj/.local/bin/bench --site hr execute managment.managment.custom.timesheet.send_daily_timesheet_reminders
2025-02-12 20:59:44,018 INFO /home/manonraj/.local/bin/bench --site hr execute managment.managment.custom.timesheet.send_daily_timesheet_reminders
2025-02-12 21:10:13,534 INFO /home/manonraj/.local/bin/bench --site hr execute managment.managment.custom.timesheet.send_daily_timesheet_reminders
2025-02-12 22:20:17,727 INFO /home/manonraj/.local/bin/bench execute managment.managment.custom.timesheet.send_daily_timesheet_reminders
2025-02-12 22:24:41,552 INFO /home/manonraj/.local/bin/bench execute managment.managment.custom.timesheet.send_daily_timesheet_reminders
2025-02-12 22:24:45,801 INFO /home/manonraj/.local/bin/bench execute managment.managment.custom.timesheet.send_daily_timesheet_reminders
2025-02-12 22:26:33,041 INFO /home/manonraj/.local/bin/bench execute managment.managment.custom.timesheet.send_daily_timesheet_reminders
2025-02-12 22:27:29,680 INFO /home/manonraj/.local/bin/bench execute managment.managment.custom.timesheet.send_daily_timesheet_reminders
2025-02-12 22:29:06,503 INFO /home/manonraj/.local/bin/bench execute managment.managment.custom.timesheet.send_daily_timesheet_reminders
2025-02-12 22:29:22,575 INFO /home/manonraj/.local/bin/bench execute managment.managment.custom.timesheet.send_daily_timesheet_reminders
2025-02-12 22:33:19,895 INFO /home/manonraj/.local/bin/bench execute managment.managment.custom.timesheet.send_daily_timesheet_reminders
2025-02-12 22:38:17,575 INFO /home/manonraj/.local/bin/bench clear-cache
2025-02-12 22:38:29,792 INFO /home/manonraj/.local/bin/bench clear-website-cache
2025-02-12 22:38:41,133 INFO /home/manonraj/.local/bin/bench execute managment.managment.custom.timesheet.send_daily_timesheet_reminders
2025-02-12 22:39:58,252 INFO /home/manonraj/.local/bin/bench execute managment.managment.custom.timesheet.send_daily_timesheet_reminders
2025-02-13 10:08:46,823 INFO /home/manonraj/.local/bin/bench start
2025-02-13 10:08:47,163 INFO /home/manonraj/.local/bin/bench serve --port 8015
2025-02-13 10:08:47,171 INFO /home/manonraj/.local/bin/bench worker
2025-02-13 10:08:47,177 INFO /home/manonraj/.local/bin/bench schedule
2025-02-13 10:08:47,199 INFO /home/manonraj/.local/bin/bench watch
2025-02-13 10:11:41,758 INFO /home/manonraj/.local/bin/bench execute managment.managment.custom.timesheet.send_daily_timesheet_reminders
2025-02-13 12:00:02,438 INFO /home/manonraj/.local/bin/bench --verbose --site all backup
2025-02-13 12:21:14,590 INFO /home/manonraj/.local/bin/bench execute managment.managment.custom.timesheet.send_daily_timesheet_reminders
2025-02-13 13:01:42,016 INFO /home/manonraj/.local/bin/bench execute managment.managment.custom.timesheet.send_daily_timesheet_reminders
2025-02-13 13:15:25,877 INFO /home/manonraj/.local/bin/bench execute managment.managment.custom.timesheet.send_daily_timesheet_reminders
2025-02-13 13:15:40,730 INFO /home/manonraj/.local/bin/bench execute managment.managment.custom.timesheet.send_daily_timesheet_reminders
2025-02-13 13:21:38,964 INFO /home/manonraj/.local/bin/bench execute managment.managment.custom.timesheet.send_daily_timesheet_reminders
2025-02-13 13:22:31,573 INFO /home/manonraj/.local/bin/bench execute managment.managment.custom.timesheet.send_daily_timesheet_reminders
2025-02-13 13:24:48,399 INFO /home/manonraj/.local/bin/bench execute managment.managment.custom.timesheet.send_daily_timesheet_reminders
2025-02-13 13:25:50,440 INFO /home/manonraj/.local/bin/bench execute managment.managment.custom.timesheet.send_daily_timesheet_reminders
2025-02-13 13:26:15,750 INFO /home/manonraj/.local/bin/bench execute managment.managment.custom.timesheet.send_daily_timesheet_reminders
2025-02-13 13:26:45,584 INFO /home/manonraj/.local/bin/bench execute managment.managment.custom.timesheet.send_daily_timesheet_reminders
2025-02-13 13:26:58,483 INFO /home/manonraj/.local/bin/bench execute managment.managment.custom.timesheet.send_daily_timesheet_reminders
2025-02-13 13:29:55,719 INFO /home/manonraj/.local/bin/bench execute managment.managment.custom.timesheet.send_daily_timesheet_reminders
2025-02-13 13:35:57,254 INFO /home/manonraj/.local/bin/bench execute managment.managment.custom.timesheet.send_daily_timesheet_reminders
2025-02-13 13:39:19,809 INFO /home/manonraj/.local/bin/bench execute managment.managment.custom.timesheet.send_daily_timesheet_reminders
2025-02-13 13:50:06,786 INFO /home/manonraj/.local/bin/bench execute managment.managment.custom.timesheet.send_daily_timesheet_reminders
2025-02-13 13:50:41,505 INFO /home/manonraj/.local/bin/bench execute managment.managment.custom.timesheet.send_daily_timesheet_reminders
2025-02-13 13:55:52,885 INFO /home/manonraj/.local/bin/bench execute managment.managment.custom.timesheet.send_daily_timesheet_reminders
2025-02-13 14:03:37,752 INFO /home/manonraj/.local/bin/bench execute managment.managment.custom.timesheet.send_daily_timesheet_reminders
2025-02-13 14:14:15,616 INFO /home/manonraj/.local/bin/bench execute managment.managment.custom.timesheet.send_daily_timesheet_reminders
2025-02-13 14:14:48,934 INFO /home/manonraj/.local/bin/bench execute managment.managment.custom.timesheet.send_daily_timesheet_reminders
2025-02-13 14:15:52,622 INFO /home/manonraj/.local/bin/bench execute managment.managment.custom.timesheet.send_daily_timesheet_reminders
2025-02-13 14:17:12,312 INFO /home/manonraj/.local/bin/bench execute managment.managment.custom.timesheet.send_daily_timesheet_reminders
2025-02-13 14:20:58,315 INFO /home/manonraj/.local/bin/bench execute managment.managment.custom.timesheet.send_daily_timesheet_reminders
2025-02-14 10:16:59,048 INFO /home/manonraj/.local/bin/bench start
2025-02-14 10:16:59,622 INFO /home/manonraj/.local/bin/bench watch
2025-02-14 10:16:59,624 INFO /home/manonraj/.local/bin/bench serve --port 8015
2025-02-14 10:16:59,664 INFO /home/manonraj/.local/bin/bench schedule
2025-02-14 10:16:59,686 INFO /home/manonraj/.local/bin/bench worker
2025-02-14 12:00:02,408 INFO /home/manonraj/.local/bin/bench --verbose --site all backup
2025-02-17 10:01:57,739 INFO /home/manonraj/.local/bin/bench start
2025-02-17 10:01:58,101 INFO /home/manonraj/.local/bin/bench schedule
2025-02-17 10:01:58,106 INFO /home/manonraj/.local/bin/bench watch
2025-02-17 10:01:58,116 INFO /home/manonraj/.local/bin/bench worker
2025-02-17 10:01:58,138 INFO /home/manonraj/.local/bin/bench serve --port 8015
2025-02-17 12:00:02,074 INFO /home/manonraj/.local/bin/bench --verbose --site all backup
2025-02-17 14:05:14,797 INFO /home/manonraj/.local/bin/bench clear-cache
2025-02-17 14:05:21,495 INFO /home/manonraj/.local/bin/bench build
2025-02-17 14:06:29,465 INFO /home/manonraj/.local/bin/bench start
2025-02-17 14:06:29,843 INFO /home/manonraj/.local/bin/bench serve --port 8015
2025-02-17 14:06:29,856 INFO /home/manonraj/.local/bin/bench worker
2025-02-17 14:06:29,879 INFO /home/manonraj/.local/bin/bench watch
2025-02-17 14:06:29,916 INFO /home/manonraj/.local/bin/bench schedule
2025-02-17 15:04:39,106 INFO /home/manonraj/.local/bin/bench execute managment.managment.custom.timesheet.send_daily_timesheet_reminders
2025-02-17 18:00:02,548 INFO /home/manonraj/.local/bin/bench --verbose --site all backup
2025-02-17 19:44:13,603 INFO /home/manonraj/.local/bin/bench start
2025-02-17 19:44:13,960 INFO /home/manonraj/.local/bin/bench serve --port 8015
2025-02-17 19:44:13,962 INFO /home/manonraj/.local/bin/bench worker
2025-02-17 19:44:13,964 INFO /home/manonraj/.local/bin/bench schedule
2025-02-17 19:44:13,999 INFO /home/manonraj/.local/bin/bench watch
2025-02-18 09:46:26,193 INFO /home/manonraj/.local/bin/bench start
2025-02-18 09:46:26,529 INFO /home/manonraj/.local/bin/bench serve --port 8015
2025-02-18 09:46:26,536 INFO /home/manonraj/.local/bin/bench watch
2025-02-18 09:46:26,542 INFO /home/manonraj/.local/bin/bench worker
2025-02-18 09:46:26,581 INFO /home/manonraj/.local/bin/bench schedule
2025-02-18 12:00:01,683 INFO /home/manonraj/.local/bin/bench --verbose --site all backup
2025-02-18 18:00:02,299 INFO /home/manonraj/.local/bin/bench --verbose --site all backup
2025-02-19 10:11:22,736 INFO /home/manonraj/.local/bin/bench start
2025-02-19 10:11:23,093 INFO /home/manonraj/.local/bin/bench schedule
2025-02-19 10:11:23,119 INFO /home/manonraj/.local/bin/bench worker
2025-02-19 10:11:23,134 INFO /home/manonraj/.local/bin/bench watch
2025-02-19 10:11:23,156 INFO /home/manonraj/.local/bin/bench serve --port 8015
2025-02-19 12:00:02,296 INFO /home/manonraj/.local/bin/bench --verbose --site all backup
2025-02-19 18:00:01,819 INFO /home/manonraj/.local/bin/bench --verbose --site all backup
2025-02-20 09:49:30,214 INFO /home/manonraj/.local/bin/bench start
2025-02-20 09:49:30,790 INFO /home/manonraj/.local/bin/bench worker
2025-02-20 09:49:30,795 INFO /home/manonraj/.local/bin/bench watch
2025-02-20 09:49:30,809 INFO /home/manonraj/.local/bin/bench schedule
2025-02-20 09:49:30,810 INFO /home/manonraj/.local/bin/bench serve --port 8015
2025-02-20 12:00:01,951 INFO /home/manonraj/.local/bin/bench --verbose --site all backup
2025-02-20 18:00:02,534 INFO /home/manonraj/.local/bin/bench --verbose --site all backup
2025-02-21 10:04:57,982 INFO /home/manonraj/.local/bin/bench get-app chat
2025-02-21 10:04:58,718 LOG Getting chat
2025-02-21 10:04:58,718 DEBUG cd ./apps && git clone https://github.com/frappe/chat.git  --depth 1 --origin upstream
2025-02-21 10:05:00,548 LOG Installing chat
2025-02-21 10:05:00,549 DEBUG cd /home/manonraj/HR && /home/manonraj/HR/env/bin/python -m pip install --quiet --upgrade -e /home/manonraj/HR/apps/chat 
2025-02-21 10:05:02,404 DEBUG bench build --app chat
2025-02-21 10:05:02,532 INFO /home/manonraj/.local/bin/bench build --app chat
2025-02-21 10:05:05,362 DEBUG cd /home/manonraj/HR && supervisorctl restart frappe:
2025-02-21 10:05:05,556 WARNING cd /home/manonraj/HR && supervisorctl restart frappe: executed with exit code 7
2025-02-21 10:05:05,556 WARNING restarting supervisor group `frappe:` failed. Use `bench restart` to retry.
2025-02-21 10:05:36,227 INFO /home/manonraj/.local/bin/bench --site hr install-app chat
2025-02-21 10:05:50,967 INFO /home/manonraj/.local/bin/bench restart
2025-02-21 10:05:51,155 DEBUG cd /home/manonraj/HR && supervisorctl restart frappe:
2025-02-21 10:05:51,331 WARNING cd /home/manonraj/HR && supervisorctl restart frappe: executed with exit code 7
2025-02-21 10:05:51,331 WARNING /home/manonraj/.local/bin/bench restart executed with exit code 1
2025-02-21 10:07:31,940 INFO /home/manonraj/.local/bin/bench start
2025-02-21 10:07:32,307 INFO /home/manonraj/.local/bin/bench watch
2025-02-21 10:07:32,322 INFO /home/manonraj/.local/bin/bench serve --port 8015
2025-02-21 10:07:32,325 INFO /home/manonraj/.local/bin/bench worker
2025-02-21 10:07:32,341 INFO /home/manonraj/.local/bin/bench schedule
2025-02-21 10:21:07,018 INFO /home/manonraj/.local/bin/bench start
2025-02-21 10:21:07,371 INFO /home/manonraj/.local/bin/bench watch
2025-02-21 10:21:07,377 INFO /home/manonraj/.local/bin/bench schedule
2025-02-21 10:21:07,403 INFO /home/manonraj/.local/bin/bench serve --port 8015
2025-02-21 10:21:07,441 INFO /home/manonraj/.local/bin/bench worker
2025-02-21 10:36:44,457 INFO /home/manonraj/.local/bin/bench clear-cache
2025-02-21 10:36:50,092 INFO /home/manonraj/.local/bin/bench clear-website-cache
2025-02-21 10:37:18,121 INFO /home/manonraj/.local/bin/bench --site hr reload-doc
2025-02-21 10:39:00,165 INFO /home/manonraj/.local/bin/bench start
2025-02-21 10:39:00,503 INFO /home/manonraj/.local/bin/bench serve --port 8015
2025-02-21 10:39:00,514 INFO /home/manonraj/.local/bin/bench watch
2025-02-21 10:39:00,560 INFO /home/manonraj/.local/bin/bench worker
2025-02-21 10:39:00,593 INFO /home/manonraj/.local/bin/bench schedule
2025-02-21 12:00:02,211 INFO /home/manonraj/.local/bin/bench --verbose --site all backup
2025-02-21 12:19:14,308 INFO /home/manonraj/.local/bin/bench start
2025-02-21 12:19:14,664 INFO /home/manonraj/.local/bin/bench watch
2025-02-21 12:19:14,665 INFO /home/manonraj/.local/bin/bench serve --port 8015
2025-02-21 12:19:14,672 INFO /home/manonraj/.local/bin/bench schedule
2025-02-21 12:19:14,701 INFO /home/manonraj/.local/bin/bench worker
2025-02-21 14:52:39,362 INFO /home/manonraj/.local/bin/bench start
2025-02-21 14:52:39,774 INFO /home/manonraj/.local/bin/bench worker
2025-02-21 14:52:39,883 INFO /home/manonraj/.local/bin/bench schedule
2025-02-21 14:52:39,924 INFO /home/manonraj/.local/bin/bench watch
2025-02-21 14:52:39,986 INFO /home/manonraj/.local/bin/bench serve --port 8015
2025-02-21 21:11:09,938 INFO /home/manonraj/.local/bin/bench start
2025-02-21 21:11:10,500 INFO /home/manonraj/.local/bin/bench watch
2025-02-21 21:11:10,509 INFO /home/manonraj/.local/bin/bench serve --port 8015
2025-02-21 21:11:10,530 INFO /home/manonraj/.local/bin/bench schedule
2025-02-21 21:11:10,568 INFO /home/manonraj/.local/bin/bench worker
2025-02-21 21:23:36,458 INFO /home/manonraj/.local/bin/bench start
2025-02-21 21:23:36,793 INFO /home/manonraj/.local/bin/bench worker
2025-02-21 21:23:36,830 INFO /home/manonraj/.local/bin/bench serve --port 8015
2025-02-21 21:23:36,898 INFO /home/manonraj/.local/bin/bench schedule
2025-02-21 21:23:36,942 INFO /home/manonraj/.local/bin/bench watch
2025-02-22 20:34:22,555 INFO /home/manonraj/.local/bin/bench start
2025-02-22 20:34:22,918 INFO /home/manonraj/.local/bin/bench worker
2025-02-22 20:34:22,918 INFO /home/manonraj/.local/bin/bench serve --port 8015
2025-02-22 20:34:22,931 INFO /home/manonraj/.local/bin/bench watch
2025-02-22 20:34:22,959 INFO /home/manonraj/.local/bin/bench schedule
2025-02-22 21:09:59,062 INFO /home/manonraj/.local/bin/bench setup requirements
2025-02-22 21:09:59,067 DEBUG /home/manonraj/HR/env/bin/python -m pip install --quiet --upgrade pip
2025-02-22 21:10:00,037 LOG Installing frappe
2025-02-22 21:10:00,037 DEBUG cd /home/manonraj/HR && /home/manonraj/HR/env/bin/python -m pip install --quiet --upgrade -e /home/manonraj/HR/apps/frappe 
2025-02-22 21:10:02,995 DEBUG cd /home/manonraj/HR && /home/manonraj/HR/env/bin/python -m pip install --quiet --upgrade coverage~=6.5.0 Faker~=18.10.1 pyngrok~=6.0.0 unittest-xml-reporting~=3.2.0 watchdog~=3.0.0 hypothesis~=6.77.0 responses==0.23.1 freezegun~=1.2.2 
2025-02-22 21:10:11,260 DEBUG cd /home/manonraj/HR/apps/frappe && yarn install --check-files
2025-02-22 21:10:12,914 LOG Installing chat
2025-02-22 21:10:12,914 DEBUG cd /home/manonraj/HR && /home/manonraj/HR/env/bin/python -m pip install --quiet --upgrade -e /home/manonraj/HR/apps/chat 
2025-02-22 21:10:14,280 LOG Installing erpnext
2025-02-22 21:10:14,280 DEBUG cd /home/manonraj/HR && /home/manonraj/HR/env/bin/python -m pip install --quiet --upgrade -e /home/manonraj/HR/apps/erpnext 
2025-02-22 21:10:16,354 DEBUG cd /home/manonraj/HR/apps/erpnext && yarn install --check-files
2025-02-22 21:10:16,602 LOG Installing hrms
2025-02-22 21:10:16,602 DEBUG cd /home/manonraj/HR && /home/manonraj/HR/env/bin/python -m pip install --quiet --upgrade -e /home/manonraj/HR/apps/hrms 
2025-02-22 21:10:18,665 DEBUG cd /home/manonraj/HR/apps/hrms && yarn install --check-files
2025-02-22 21:10:29,429 LOG Installing managment
2025-02-22 21:10:29,429 DEBUG cd /home/manonraj/HR && /home/manonraj/HR/env/bin/python -m pip install --quiet --upgrade -e /home/manonraj/HR/apps/managment 
2025-02-22 21:10:31,571 LOG Installing payments
2025-02-22 21:10:31,572 DEBUG cd /home/manonraj/HR && /home/manonraj/HR/env/bin/python -m pip install --quiet --upgrade -e /home/manonraj/HR/apps/payments 
2025-02-22 21:11:48,898 INFO /home/manonraj/.local/bin/bench update --requirements
2025-02-22 21:11:50,964 WARNING shallow_clone is set in your bench config.
However without passing the --reset flag, your repositories will be unshallowed.
To avoid this, cancel this operation and run `bench update --reset`.

Consider the consequences of `git reset --hard` on your apps before you run that.
To avoid seeing this warning, set shallow_clone to false in your common_site_config.json
		
2025-02-22 21:12:02,472 DEBUG cd /home/manonraj/HR && /home/manonraj/HR/env/bin/python -m pip install --quiet --upgrade pip
2025-02-22 21:12:03,537 LOG Installing frappe
2025-02-22 21:12:03,537 DEBUG cd /home/manonraj/HR && /home/manonraj/HR/env/bin/python -m pip install --quiet --upgrade -e /home/manonraj/HR/apps/frappe 
2025-02-22 21:12:05,898 DEBUG cd /home/manonraj/HR && /home/manonraj/HR/env/bin/python -m pip install --quiet --upgrade coverage~=6.5.0 Faker~=18.10.1 pyngrok~=6.0.0 unittest-xml-reporting~=3.2.0 watchdog~=3.0.0 hypothesis~=6.77.0 responses==0.23.1 freezegun~=1.2.2 
2025-02-22 21:12:08,051 DEBUG cd /home/manonraj/HR/apps/frappe && yarn install --check-files
2025-02-22 21:12:09,021 LOG Installing chat
2025-02-22 21:12:09,021 DEBUG cd /home/manonraj/HR && /home/manonraj/HR/env/bin/python -m pip install --quiet --upgrade -e /home/manonraj/HR/apps/chat 
2025-02-22 21:12:10,373 LOG Installing erpnext
2025-02-22 21:12:10,373 DEBUG cd /home/manonraj/HR && /home/manonraj/HR/env/bin/python -m pip install --quiet --upgrade -e /home/manonraj/HR/apps/erpnext 
2025-02-22 21:12:12,411 DEBUG cd /home/manonraj/HR/apps/erpnext && yarn install --check-files
2025-02-22 21:12:12,657 LOG Installing hrms
2025-02-22 21:12:12,658 DEBUG cd /home/manonraj/HR && /home/manonraj/HR/env/bin/python -m pip install --quiet --upgrade -e /home/manonraj/HR/apps/hrms 
2025-02-22 21:12:14,740 DEBUG cd /home/manonraj/HR/apps/hrms && yarn install --check-files
2025-02-22 21:12:24,924 LOG Installing managment
2025-02-22 21:12:24,924 DEBUG cd /home/manonraj/HR && /home/manonraj/HR/env/bin/python -m pip install --quiet --upgrade -e /home/manonraj/HR/apps/managment 
2025-02-22 21:12:26,958 LOG Installing payments
2025-02-22 21:12:26,958 DEBUG cd /home/manonraj/HR && /home/manonraj/HR/env/bin/python -m pip install --quiet --upgrade -e /home/manonraj/HR/apps/payments 
2025-02-22 21:12:51,454 INFO /home/manonraj/.local/bin/bench restart
2025-02-22 21:12:51,778 DEBUG cd /home/manonraj/HR && supervisorctl restart frappe:
2025-02-22 21:12:51,965 WARNING cd /home/manonraj/HR && supervisorctl restart frappe: executed with exit code 7
2025-02-22 21:12:51,966 WARNING /home/manonraj/.local/bin/bench restart executed with exit code 1
2025-02-22 21:25:17,868 INFO /home/manonraj/.local/bin/bench setup requirements
2025-02-22 21:25:17,874 DEBUG /home/manonraj/HR/env/bin/python -m pip install --quiet --upgrade pip
2025-02-22 21:25:18,916 LOG Installing frappe
2025-02-22 21:25:18,916 DEBUG cd /home/manonraj/HR && /home/manonraj/HR/env/bin/python -m pip install --quiet --upgrade -e /home/manonraj/HR/apps/frappe 
2025-02-22 21:25:21,543 DEBUG cd /home/manonraj/HR && /home/manonraj/HR/env/bin/python -m pip install --quiet --upgrade coverage~=6.5.0 Faker~=18.10.1 pyngrok~=6.0.0 unittest-xml-reporting~=3.2.0 watchdog~=3.0.0 hypothesis~=6.77.0 responses==0.23.1 freezegun~=1.2.2 
2025-02-22 21:25:24,254 DEBUG cd /home/manonraj/HR/apps/frappe && yarn install --check-files
2025-02-22 21:25:25,272 LOG Installing chat
2025-02-22 21:25:25,272 DEBUG cd /home/manonraj/HR && /home/manonraj/HR/env/bin/python -m pip install --quiet --upgrade -e /home/manonraj/HR/apps/chat 
2025-02-22 21:25:26,826 LOG Installing erpnext
2025-02-22 21:25:26,826 DEBUG cd /home/manonraj/HR && /home/manonraj/HR/env/bin/python -m pip install --quiet --upgrade -e /home/manonraj/HR/apps/erpnext 
2025-02-22 21:25:29,120 DEBUG cd /home/manonraj/HR/apps/erpnext && yarn install --check-files
2025-02-22 21:25:29,402 LOG Installing hrms
2025-02-22 21:25:29,403 DEBUG cd /home/manonraj/HR && /home/manonraj/HR/env/bin/python -m pip install --quiet --upgrade -e /home/manonraj/HR/apps/hrms 
2025-02-22 21:25:31,668 DEBUG cd /home/manonraj/HR/apps/hrms && yarn install --check-files
2025-02-22 21:25:44,030 LOG Installing managment
2025-02-22 21:25:44,031 DEBUG cd /home/manonraj/HR && /home/manonraj/HR/env/bin/python -m pip install --quiet --upgrade -e /home/manonraj/HR/apps/managment 
2025-02-22 21:25:46,442 LOG Installing payments
2025-02-22 21:25:46,442 DEBUG cd /home/manonraj/HR && /home/manonraj/HR/env/bin/python -m pip install --quiet --upgrade -e /home/manonraj/HR/apps/payments 
2025-02-22 21:25:57,489 INFO /home/manonraj/.local/bin/bench update --requirements
2025-02-22 21:25:58,603 WARNING shallow_clone is set in your bench config.
However without passing the --reset flag, your repositories will be unshallowed.
To avoid this, cancel this operation and run `bench update --reset`.

Consider the consequences of `git reset --hard` on your apps before you run that.
To avoid seeing this warning, set shallow_clone to false in your common_site_config.json
		
2025-02-22 21:26:10,092 DEBUG cd /home/manonraj/HR && /home/manonraj/HR/env/bin/python -m pip install --quiet --upgrade pip
2025-02-22 21:26:11,123 LOG Installing frappe
2025-02-22 21:26:11,123 DEBUG cd /home/manonraj/HR && /home/manonraj/HR/env/bin/python -m pip install --quiet --upgrade -e /home/manonraj/HR/apps/frappe 
2025-02-22 21:26:13,915 DEBUG cd /home/manonraj/HR && /home/manonraj/HR/env/bin/python -m pip install --quiet --upgrade coverage~=6.5.0 Faker~=18.10.1 pyngrok~=6.0.0 unittest-xml-reporting~=3.2.0 watchdog~=3.0.0 hypothesis~=6.77.0 responses==0.23.1 freezegun~=1.2.2 
2025-02-22 21:26:16,222 DEBUG cd /home/manonraj/HR/apps/frappe && yarn install --check-files
2025-02-22 21:26:17,254 LOG Installing chat
2025-02-22 21:26:17,255 DEBUG cd /home/manonraj/HR && /home/manonraj/HR/env/bin/python -m pip install --quiet --upgrade -e /home/manonraj/HR/apps/chat 
2025-02-22 21:26:18,854 LOG Installing erpnext
2025-02-22 21:26:18,855 DEBUG cd /home/manonraj/HR && /home/manonraj/HR/env/bin/python -m pip install --quiet --upgrade -e /home/manonraj/HR/apps/erpnext 
2025-02-22 21:26:21,152 DEBUG cd /home/manonraj/HR/apps/erpnext && yarn install --check-files
2025-02-22 21:26:21,406 LOG Installing hrms
2025-02-22 21:26:21,406 DEBUG cd /home/manonraj/HR && /home/manonraj/HR/env/bin/python -m pip install --quiet --upgrade -e /home/manonraj/HR/apps/hrms 
2025-02-22 21:26:23,661 DEBUG cd /home/manonraj/HR/apps/hrms && yarn install --check-files
2025-02-22 21:26:35,845 LOG Installing managment
2025-02-22 21:26:35,846 DEBUG cd /home/manonraj/HR && /home/manonraj/HR/env/bin/python -m pip install --quiet --upgrade -e /home/manonraj/HR/apps/managment 
2025-02-22 21:26:38,142 LOG Installing payments
2025-02-22 21:26:38,142 DEBUG cd /home/manonraj/HR && /home/manonraj/HR/env/bin/python -m pip install --quiet --upgrade -e /home/manonraj/HR/apps/payments 
2025-02-22 21:30:48,135 INFO /home/manonraj/.local/bin/bench restart
2025-02-22 21:30:48,321 DEBUG cd /home/manonraj/HR && supervisorctl restart frappe:
2025-02-22 21:30:48,513 WARNING cd /home/manonraj/HR && supervisorctl restart frappe: executed with exit code 7
2025-02-22 21:30:48,513 WARNING /home/manonraj/.local/bin/bench restart executed with exit code 1
2025-02-23 11:03:39,351 INFO /home/manonraj/.local/bin/bench start
2025-02-23 11:03:39,715 INFO /home/manonraj/.local/bin/bench schedule
2025-02-23 11:03:39,723 INFO /home/manonraj/.local/bin/bench worker
2025-02-23 11:03:39,735 INFO /home/manonraj/.local/bin/bench watch
2025-02-23 11:03:39,751 INFO /home/manonraj/.local/bin/bench serve --port 8015
2025-02-23 13:30:07,893 INFO /home/manonraj/.local/bin/bench start
2025-02-23 13:30:08,282 INFO /home/manonraj/.local/bin/bench worker
2025-02-23 13:30:08,284 INFO /home/manonraj/.local/bin/bench serve --port 8015
2025-02-23 13:30:08,290 INFO /home/manonraj/.local/bin/bench watch
2025-02-23 13:30:08,352 INFO /home/manonraj/.local/bin/bench schedule
2025-02-24 00:00:02,086 INFO /home/manonraj/.local/bin/bench --verbose --site all backup
2025-02-24 10:26:37,556 INFO /home/manonraj/.local/bin/bench start
2025-02-24 10:26:37,925 INFO /home/manonraj/.local/bin/bench worker
2025-02-24 10:26:37,930 INFO /home/manonraj/.local/bin/bench serve --port 8015
2025-02-24 10:26:37,935 INFO /home/manonraj/.local/bin/bench watch
2025-02-24 10:26:37,957 INFO /home/manonraj/.local/bin/bench schedule
2025-02-24 12:00:01,763 INFO /home/manonraj/.local/bin/bench --verbose --site all backup
2025-02-24 12:44:03,576 INFO /home/manonraj/.local/bin/bench start
2025-02-24 12:44:04,011 INFO /home/manonraj/.local/bin/bench schedule
2025-02-24 12:44:04,028 INFO /home/manonraj/.local/bin/bench watch
2025-02-24 12:44:04,045 INFO /home/manonraj/.local/bin/bench serve --port 8015
2025-02-24 12:44:04,065 INFO /home/manonraj/.local/bin/bench worker
2025-02-24 21:09:56,806 INFO /home/manonraj/.local/bin/bench start
2025-02-24 21:09:57,489 INFO /home/manonraj/.local/bin/bench serve --port 8015
2025-02-24 21:09:57,521 INFO /home/manonraj/.local/bin/bench worker
2025-02-24 21:09:57,551 INFO /home/manonraj/.local/bin/bench watch
2025-02-24 21:09:57,607 INFO /home/manonraj/.local/bin/bench schedule
2025-02-24 21:24:48,013 INFO /home/manonraj/.local/bin/bench start
2025-02-24 21:24:48,338 INFO /home/manonraj/.local/bin/bench schedule
2025-02-24 21:24:48,392 INFO /home/manonraj/.local/bin/bench worker
2025-02-24 21:24:48,402 INFO /home/manonraj/.local/bin/bench serve --port 8015
2025-02-24 21:24:48,404 INFO /home/manonraj/.local/bin/bench watch
2025-02-24 21:58:34,589 INFO /home/manonraj/.local/bin/bench start
2025-02-24 21:58:35,022 INFO /home/manonraj/.local/bin/bench worker
2025-02-24 21:58:35,087 INFO /home/manonraj/.local/bin/bench serve --port 8015
2025-02-24 21:58:35,095 INFO /home/manonraj/.local/bin/bench watch
2025-02-24 21:58:35,247 INFO /home/manonraj/.local/bin/bench schedule
2025-02-25 10:18:21,426 INFO /home/manonraj/.local/bin/bench start
2025-02-25 10:18:21,782 INFO /home/manonraj/.local/bin/bench serve --port 8015
2025-02-25 10:18:21,795 INFO /home/manonraj/.local/bin/bench schedule
2025-02-25 10:18:21,797 INFO /home/manonraj/.local/bin/bench watch
2025-02-25 10:18:21,812 INFO /home/manonraj/.local/bin/bench worker
2025-02-25 12:00:02,570 INFO /home/manonraj/.local/bin/bench --verbose --site all backup
2025-02-25 22:59:03,748 INFO /home/manonraj/.local/bin/bench start
2025-02-25 22:59:04,340 INFO /home/manonraj/.local/bin/bench watch
2025-02-25 22:59:04,365 INFO /home/manonraj/.local/bin/bench worker
2025-02-25 22:59:04,435 INFO /home/manonraj/.local/bin/bench schedule
2025-02-25 22:59:04,520 INFO /home/manonraj/.local/bin/bench serve --port 8015
2025-02-26 09:57:03,389 INFO /home/manonraj/.local/bin/bench start
2025-02-26 09:57:03,991 INFO /home/manonraj/.local/bin/bench serve --port 8015
2025-02-26 09:57:03,997 INFO /home/manonraj/.local/bin/bench worker
2025-02-26 09:57:04,008 INFO /home/manonraj/.local/bin/bench schedule
2025-02-26 09:57:04,012 INFO /home/manonraj/.local/bin/bench watch
