2025-02-26 17:41:28,264 ERROR scheduler Exception in Enqueue Events for Site kalaerp
Traceback (most recent call last):
  File "/home/dell/kalaerp/env/lib/python3.10/site-packages/redis/connection.py", line 699, in connect
    sock = self.retry.call_with_retry(
  File "/home/dell/kalaerp/env/lib/python3.10/site-packages/redis/retry.py", line 46, in call_with_retry
    return do()
  File "/home/dell/kalaerp/env/lib/python3.10/site-packages/redis/connection.py", line 700, in <lambda>
    lambda: self._connect(), lambda error: self.disconnect(error)
  File "/home/dell/kalaerp/env/lib/python3.10/site-packages/redis/connection.py", line 1002, in _connect
    raise err
  File "/home/dell/kalaerp/env/lib/python3.10/site-packages/redis/connection.py", line 990, in _connect
    sock.connect(socket_address)
ConnectionRefusedError: [Errno 111] Connection refused

During handling of the above exception, another exception occurred:

Traceback (most recent call last):
  File "/home/dell/kalaerp/apps/frappe/frappe/utils/scheduler.py", line 102, in enqueue_events_for_site
    enqueue_events(site=site)
  File "/home/dell/kalaerp/apps/frappe/frappe/utils/scheduler.py", line 122, in enqueue_events
    if job_type.enqueue():
  File "/home/dell/kalaerp/apps/frappe/frappe/core/doctype/scheduled_job_type/scheduled_job_type.py", line 73, in enqueue
    if not self.is_job_in_queue():
  File "/home/dell/kalaerp/apps/frappe/frappe/core/doctype/scheduled_job_type/scheduled_job_type.py", line 94, in is_job_in_queue
    return is_job_enqueued(self.rq_job_id)
  File "/home/dell/kalaerp/apps/frappe/frappe/utils/background_jobs.py", line 565, in is_job_enqueued
    return get_job_status(job_id) in (JobStatus.QUEUED, JobStatus.STARTED)
  File "/home/dell/kalaerp/apps/frappe/frappe/utils/background_jobs.py", line 570, in get_job_status
    job = get_job(job_id)
  File "/home/dell/kalaerp/apps/frappe/frappe/utils/background_jobs.py", line 577, in get_job
    return Job.fetch(create_job_id(job_id), connection=get_redis_conn())
  File "/home/dell/kalaerp/env/lib/python3.10/site-packages/rq/job.py", line 591, in fetch
    job.refresh()
  File "/home/dell/kalaerp/env/lib/python3.10/site-packages/rq/job.py", line 989, in refresh
    data = self.connection.hgetall(self.key)
  File "/home/dell/kalaerp/env/lib/python3.10/site-packages/redis/commands/core.py", line 4887, in hgetall
    return self.execute_command("HGETALL", name)
  File "/home/dell/kalaerp/env/lib/python3.10/site-packages/redis/client.py", line 1266, in execute_command
    conn = self.connection or pool.get_connection(command_name, **options)
  File "/home/dell/kalaerp/env/lib/python3.10/site-packages/redis/connection.py", line 1457, in get_connection
    connection.connect()
  File "/home/dell/kalaerp/env/lib/python3.10/site-packages/redis/connection.py", line 705, in connect
    raise ConnectionError(self._error_message(e))
redis.exceptions.ConnectionError: Error 111 connecting to 127.0.0.1:11001. Connection refused.
2025-02-26 17:42:28,493 ERROR scheduler Exception in Enqueue Events for Site kalaerp
Traceback (most recent call last):
  File "/home/dell/kalaerp/env/lib/python3.10/site-packages/redis/connection.py", line 699, in connect
    sock = self.retry.call_with_retry(
  File "/home/dell/kalaerp/env/lib/python3.10/site-packages/redis/retry.py", line 46, in call_with_retry
    return do()
  File "/home/dell/kalaerp/env/lib/python3.10/site-packages/redis/connection.py", line 700, in <lambda>
    lambda: self._connect(), lambda error: self.disconnect(error)
  File "/home/dell/kalaerp/env/lib/python3.10/site-packages/redis/connection.py", line 1002, in _connect
    raise err
  File "/home/dell/kalaerp/env/lib/python3.10/site-packages/redis/connection.py", line 990, in _connect
    sock.connect(socket_address)
ConnectionRefusedError: [Errno 111] Connection refused

During handling of the above exception, another exception occurred:

Traceback (most recent call last):
  File "/home/dell/kalaerp/apps/frappe/frappe/utils/scheduler.py", line 102, in enqueue_events_for_site
    enqueue_events(site=site)
  File "/home/dell/kalaerp/apps/frappe/frappe/utils/scheduler.py", line 122, in enqueue_events
    if job_type.enqueue():
  File "/home/dell/kalaerp/apps/frappe/frappe/core/doctype/scheduled_job_type/scheduled_job_type.py", line 73, in enqueue
    if not self.is_job_in_queue():
  File "/home/dell/kalaerp/apps/frappe/frappe/core/doctype/scheduled_job_type/scheduled_job_type.py", line 94, in is_job_in_queue
    return is_job_enqueued(self.rq_job_id)
  File "/home/dell/kalaerp/apps/frappe/frappe/utils/background_jobs.py", line 565, in is_job_enqueued
    return get_job_status(job_id) in (JobStatus.QUEUED, JobStatus.STARTED)
  File "/home/dell/kalaerp/apps/frappe/frappe/utils/background_jobs.py", line 570, in get_job_status
    job = get_job(job_id)
  File "/home/dell/kalaerp/apps/frappe/frappe/utils/background_jobs.py", line 577, in get_job
    return Job.fetch(create_job_id(job_id), connection=get_redis_conn())
  File "/home/dell/kalaerp/env/lib/python3.10/site-packages/rq/job.py", line 591, in fetch
    job.refresh()
  File "/home/dell/kalaerp/env/lib/python3.10/site-packages/rq/job.py", line 989, in refresh
    data = self.connection.hgetall(self.key)
  File "/home/dell/kalaerp/env/lib/python3.10/site-packages/redis/commands/core.py", line 4887, in hgetall
    return self.execute_command("HGETALL", name)
  File "/home/dell/kalaerp/env/lib/python3.10/site-packages/redis/client.py", line 1266, in execute_command
    conn = self.connection or pool.get_connection(command_name, **options)
  File "/home/dell/kalaerp/env/lib/python3.10/site-packages/redis/connection.py", line 1457, in get_connection
    connection.connect()
  File "/home/dell/kalaerp/env/lib/python3.10/site-packages/redis/connection.py", line 705, in connect
    raise ConnectionError(self._error_message(e))
redis.exceptions.ConnectionError: Error 111 connecting to 127.0.0.1:11001. Connection refused.
2025-02-26 17:43:28,690 ERROR scheduler Exception in Enqueue Events for Site kalaerp
Traceback (most recent call last):
  File "/home/dell/kalaerp/env/lib/python3.10/site-packages/redis/connection.py", line 699, in connect
    sock = self.retry.call_with_retry(
  File "/home/dell/kalaerp/env/lib/python3.10/site-packages/redis/retry.py", line 46, in call_with_retry
    return do()
  File "/home/dell/kalaerp/env/lib/python3.10/site-packages/redis/connection.py", line 700, in <lambda>
    lambda: self._connect(), lambda error: self.disconnect(error)
  File "/home/dell/kalaerp/env/lib/python3.10/site-packages/redis/connection.py", line 1002, in _connect
    raise err
  File "/home/dell/kalaerp/env/lib/python3.10/site-packages/redis/connection.py", line 990, in _connect
    sock.connect(socket_address)
ConnectionRefusedError: [Errno 111] Connection refused

During handling of the above exception, another exception occurred:

Traceback (most recent call last):
  File "/home/dell/kalaerp/apps/frappe/frappe/utils/scheduler.py", line 102, in enqueue_events_for_site
    enqueue_events(site=site)
  File "/home/dell/kalaerp/apps/frappe/frappe/utils/scheduler.py", line 122, in enqueue_events
    if job_type.enqueue():
  File "/home/dell/kalaerp/apps/frappe/frappe/core/doctype/scheduled_job_type/scheduled_job_type.py", line 73, in enqueue
    if not self.is_job_in_queue():
  File "/home/dell/kalaerp/apps/frappe/frappe/core/doctype/scheduled_job_type/scheduled_job_type.py", line 94, in is_job_in_queue
    return is_job_enqueued(self.rq_job_id)
  File "/home/dell/kalaerp/apps/frappe/frappe/utils/background_jobs.py", line 565, in is_job_enqueued
    return get_job_status(job_id) in (JobStatus.QUEUED, JobStatus.STARTED)
  File "/home/dell/kalaerp/apps/frappe/frappe/utils/background_jobs.py", line 570, in get_job_status
    job = get_job(job_id)
  File "/home/dell/kalaerp/apps/frappe/frappe/utils/background_jobs.py", line 577, in get_job
    return Job.fetch(create_job_id(job_id), connection=get_redis_conn())
  File "/home/dell/kalaerp/env/lib/python3.10/site-packages/rq/job.py", line 591, in fetch
    job.refresh()
  File "/home/dell/kalaerp/env/lib/python3.10/site-packages/rq/job.py", line 989, in refresh
    data = self.connection.hgetall(self.key)
  File "/home/dell/kalaerp/env/lib/python3.10/site-packages/redis/commands/core.py", line 4887, in hgetall
    return self.execute_command("HGETALL", name)
  File "/home/dell/kalaerp/env/lib/python3.10/site-packages/redis/client.py", line 1266, in execute_command
    conn = self.connection or pool.get_connection(command_name, **options)
  File "/home/dell/kalaerp/env/lib/python3.10/site-packages/redis/connection.py", line 1457, in get_connection
    connection.connect()
  File "/home/dell/kalaerp/env/lib/python3.10/site-packages/redis/connection.py", line 705, in connect
    raise ConnectionError(self._error_message(e))
redis.exceptions.ConnectionError: Error 111 connecting to 127.0.0.1:11001. Connection refused.
2025-02-28 14:14:42,153 ERROR scheduler Exception in Enqueue Events for Site kalaerp
Traceback (most recent call last):
  File "/home/dell/kalaerp/env/lib/python3.10/site-packages/pymysql/connections.py", line 649, in connect
    sock = socket.create_connection(
  File "/usr/lib/python3.10/socket.py", line 857, in create_connection
    raise err
  File "/usr/lib/python3.10/socket.py", line 845, in create_connection
    sock.connect(sa)
ConnectionRefusedError: [Errno 111] Connection refused

During handling of the above exception, another exception occurred:

Traceback (most recent call last):
  File "/home/dell/kalaerp/apps/frappe/frappe/utils/scheduler.py", line 99, in enqueue_events_for_site
    if is_scheduler_inactive():
  File "/home/dell/kalaerp/apps/frappe/frappe/utils/scheduler.py", line 143, in is_scheduler_inactive
    if is_scheduler_disabled(verbose=verbose):
  File "/home/dell/kalaerp/apps/frappe/frappe/utils/scheduler.py", line 156, in is_scheduler_disabled
    frappe.db.get_single_value("System Settings", "enable_scheduler")
  File "/home/dell/kalaerp/apps/frappe/frappe/database/database.py", line 837, in get_single_value
    ).run()
  File "/home/dell/kalaerp/apps/frappe/frappe/query_builder/utils.py", line 87, in execute_query
    result = frappe.db.sql(query, params, *args, **kwargs)  # nosemgrep
  File "/home/dell/kalaerp/apps/frappe/frappe/database/database.py", line 207, in sql
    self.connect()
  File "/home/dell/kalaerp/apps/frappe/frappe/database/database.py", line 112, in connect
    self._conn: "MariadbConnection" | "PostgresConnection" = self.get_connection()
  File "/home/dell/kalaerp/apps/frappe/frappe/database/mariadb/database.py", line 107, in get_connection
    conn = self._get_connection()
  File "/home/dell/kalaerp/apps/frappe/frappe/database/mariadb/database.py", line 113, in _get_connection
    return self.create_connection()
  File "/home/dell/kalaerp/apps/frappe/frappe/database/mariadb/database.py", line 116, in create_connection
    return pymysql.connect(**self.get_connection_settings())
  File "/home/dell/kalaerp/env/lib/python3.10/site-packages/pymysql/connections.py", line 361, in __init__
    self.connect()
  File "/home/dell/kalaerp/env/lib/python3.10/site-packages/pymysql/connections.py", line 716, in connect
    raise exc
pymysql.err.OperationalError: (2003, "Can't connect to MySQL server on '127.0.0.1' ([Errno 111] Connection refused)")
